Sweet Vanderburgh Bpi,2,13,6,8,0,9: Aspect value is out of bounds
I Remember Steamier,9,1.3,0,1,7,1 There is non-integer aspect
Smooth, Therapists,5,7,8,5,1,3 There is a comma in the title
Thoughts of Fender,3,7,11,4,3,1: Aspect value is out of bounds
Summer of Byronism Isotherm,3,7,11,9,4,7: Aspect value is out of bounds
Heat of Colonnades,6,0,5.3,8,4,0 There is non-integer aspect
I'm Looking for Spasms,1,7,4,0,8,4,2 There are too many category aspects
Whisper of Oman,10,8,5,3,6 not enough aspect values
She Heard the Defaming Lowdown,2,0,18,10,6,4: Aspect value is out of bounds
Dance for, Psychotherapeutic,6,0,4,6,10,4 There is a comma in the title
I Remember, Clot Tenuousness,4,3,2,6,7,4 There is a comma in the title
First, Cavalrymen Greenbriar,7,9,0,3,9,3 There is a comma in the title
Winter of Shiftlessness,4,2,2,1,0 not enough aspect values
Dreams of, Postmortem Demarcate,5,0,1,10,1,5 There is a comma in the title
Dance for Maladjustment Diatom,3,7,1,1,14,6: Aspect value is out of bounds
Heat of, Orneriness Subassembly,4,3,2,7,9,3 There is a comma in the title
You're My Hyperbola,3,1,7,8,4 not enough aspect values
Family of Inebriation Twirly,8.3,0,2,9,1,1 There is non-integer aspect
The Song of Surcease Ramirez,9,5,8,2,15,7: Aspect value is out of bounds
Second Hand Tracepoints Goethe,1,0,7,8,2 not enough aspect values
Dreams of, Jounced Wallies,3,1,7,3,5,0 There is a comma in the title
